Title: BaseGeometry doctests

>>> BaseGeometry = __import__('7-base_geometry').BaseGeometry

# area() must raise the specified Exception
>>> bg = BaseGeometry()
>>> try:
...     bg.area()
... except Exception as e:
...     print("[{}] {}".format(e.__class__.__name__, e))
[Exception] area() is not implemented

# integer_validator: non-integer -> TypeError
>>> try:
...     bg.integer_validator("my_int", "1")
... except Exception as e:
...     print("[{}] {}".format(e.__class__.__name__, e))
[TypeError] my_int must be an integer

# integer_validator: <= 0 -> ValueError
>>> try:
...     bg.integer_validator("my_int", 0)
... except Exception as e:
...     print("[{}] {}".format(e.__class__.__name__, e))
[ValueError] my_int must be greater than 0

# integer_validator: valid positive int -> no output (no exception)
>>> bg.integer_validator("size", 3)
>>> print("ok")
ok
